[mang10209326.brizy.site/our-businesses.html]
[mang10209326.brizy.site/index.html]
[mang10209326.brizy.site/about-us.html]
[mang10209326.brizy.site/our-team.html]
[mang10209326.brizy.site/contact-us.html]
[mang10209326.brizy.site/routica-mining-solutions.html]
[mang10209326.brizy.site/routica-information-technology-solutions.html]
[mang10209326.brizy.site/routica-logistics-solutions.html]
[a-cloud.b-cdn.net/images/cropped-favicon-192x192.png]
[backblue.gif]
[fade.gif]
[index.html]
[b-cloud.b-cdn.net/builds/free/223-cloud/editor/css/preview.css]
[a-cloud.b-cdn.net/media/iW=5000&iH=any/bcc920f6db9f9e724ed77018b4b48e96.jpg]
[a-cloud.b-cdn.net/media/iW=422&iH=422&oX=0&oY=87&cW=422&cH=249/843583f5b0d6311e88573dbe9e0ed5fb.png]
[b-cloud.b-cdn.net/builds/free/223-cloud/editor/js/group-jq.js]
[mang10209326.brizy.site/index.html]
[b-cloud.b-cdn.net/builds/free/223-cloud/editor/js/preview.js]
[a-cloud.b-cdn.net/media/iW=5000&iH=any/d03-BG-trees.jpg]
[mang10209326.brizy.site/our-businesses.html]
[mang10209326.brizy.site/about-us.html]
[mang10209326.brizy.site/our-team.html]
[mang10209326.brizy.site/contact-us.html]
[a-cloud.b-cdn.net/media/iW=1170&iH=878&oX=0&oY=320&cW=1170&cH=343/85b11859d0514062010dea6c4aed6406.jpg]
[a-cloud.b-cdn.net/media/iW=647&iH=431&oX=0&oY=26&cW=647&cH=380/9e0c21cabe14684dc329d83584e71f32.jpg]
[a-cloud.b-cdn.net/media/iW=731&iH=380&oX=42&oY=0&cW=647&cH=380/3170d12e870e0c10f3271ed72f7aa8e1.jpg]
[a-cloud.b-cdn.net/media/iW=645&iH=645&oX=0&oY=133&cW=645&cH=379/b9a35b91c9a9c5307a7036e0325e8b6a.jpg]
[a-cloud.b-cdn.net/media/iW=647&iH=863&oX=0&oY=246&cW=647&cH=371/c8f84dd120d0147aab089171c1445639.jpg]
[a-cloud.b-cdn.net/media/iW=959&iH=492&oX=152&oY=0&cW=656&cH=492/391ec006a131b418ae9dfd0290203367.jpg]
[mang10209326.brizy.site/routica-mining-solutions.html]
[a-cloud.b-cdn.net/media/iW=1053&iH=309&oX=0&oY=0&cW=1053&cH=309/d09-Browser1.jpg]
[mang10209326.brizy.site/routica-information-technology-solutions.html]
[mang10209326.brizy.site/routica-logistics-solutions.html]
[b-cloud.b-cdn.net/builds/free/223-cloud/editor/css/preview.css]
